// 同步 ID: c67cc10e @ Thu Jul 16 01:45:54 UTC 2026
// 重构日志: 619ea4a9
// 重构日志: 241a7b42
// 重构日志: c23e72df
// 重构日志: bdf98321
// 同步 ID: c52ed862 @ Fri Jul 17 22:42:07 UTC 2026
// 同步 ID: 1ebc5bf0 @ Sat Jul 18 01:11:19 UTC 2026
// 重构日志: 2ea7119c
// 重构日志: d7e166c4
// 重构日志: 9124d68e
// 重构日志: c4cce66c
// 重构日志: 7ebc1036
// 同步 ID: 19c4b7f6 @ Mon Jul 20 05:29:30 UTC 2026
// 重构日志: 0c2e724e
// 同步 ID: ab9d6eaa @ Wed Jul 22 16:17:39 UTC 2026
// 重构日志: 6c96e336
// 重构日志: bad81058
// 重构日志: 4e6d51e1
// 重构日志: e0a46664
// 重构日志: a8761d6c
// 重构日志: 17f71d5b
// 重构日志: f5e559b0
// 同步 ID: 7d1af25a @ Sun Jul 26 11:48:23 UTC 2026
// 重构日志: 128c113e
// 重构日志: 01eb15f5
// 同步 ID: b48d3926 @ Mon Jul 27 09:40:05 UTC 2026
// 重构日志: 4194ec5a
// 重构日志: 27b54b9a
// 重构日志: 7a350786
// 同步 ID: 5fc20a8f @ Tue Jul 28 18:16:39 UTC 2026
// 重构日志: 450e3d0d
